apps/web/src/components/admin/MatchModal.tsx(366,9): error TS6133: 'canSaveAsFinished' is declared but its value is never read.
apps/web/src/server/matches-optimized.ts(3,10): error TS6133: 'and' is declared but its value is never read.
apps/web/src/server/matches-optimized.ts(173,20): error TS2769: No overload matches this call.
  Overload 1 of 3, '(column: Aliased<number | null>, values: SQLWrapper | (number | Placeholder<string, any> | null)[]): SQL<unknown>', gave the following error.
    Argument of type 'PgColumn<{ name: "id"; tableName: "tournaments"; dataType: "number"; columnType: "PgSerial"; data: number; driverParam: number; notNull: true; hasDefault: true; isPrimaryKey: true; isAutoincrement: false; ... 4 more ...; generated: undefined; }, {}, {}>' is not assignable to parameter of type 'Aliased<number | null>'.
      Type 'PgColumn<{ name: "id"; tableName: "tournaments"; dataType: "number"; columnType: "PgSerial"; data: number; driverParam: number; notNull: true; hasDefault: true; isPrimaryKey: true; isAutoincrement: false; ... 4 more ...; generated: undefined; }, {}, {}>' is missing the following properties from type 'Aliased<number | null>': sql, fieldAlias
  Overload 2 of 3, '(column: PgColumn<{ name: "id"; tableName: "tournaments"; dataType: "number"; columnType: "PgSerial"; data: number; driverParam: number; notNull: true; hasDefault: true; isPrimaryKey: true; isAutoincrement: false; ... 4 more ...; generated: undefined; }, {}, {}>, values: SQLWrapper | readonly (number | Placeholder<...>)[]): SQL<...>', gave the following error.
    Argument of type '(number | null)[]' is not assignable to parameter of type 'SQLWrapper | readonly (number | Placeholder<string, any>)[]'.
      Type '(number | null)[]' is not assignable to type 'readonly (number | Placeholder<string, any>)[]'.
        Type 'number | null' is not assignable to type 'number | Placeholder<string, any>'.
          Type 'null' is not assignable to type 'number | Placeholder<string, any>'.
  Overload 3 of 3, '(column: never, values: SQLWrapper | readonly unknown[]): SQL<unknown>', gave the following error.
    Argument of type 'PgColumn<{ name: "id"; tableName: "tournaments"; dataType: "number"; columnType: "PgSerial"; data: number; driverParam: number; notNull: true; hasDefault: true; isPrimaryKey: true; isAutoincrement: false; ... 4 more ...; generated: undefined; }, {}, {}>' is not assignable to parameter of type 'never'.
apps/web/src/server/matches-optimized.ts(193,46): error TS2345: Argument of type 'number | null' is not assignable to parameter of type 'number'.
  Type 'null' is not assignable to type 'number'.
apps/web/src/server/matches-optimized.ts(282,37): error TS2345: Argument of type 'number | null' is not assignable to parameter of type 'number'.
  Type 'null' is not assignable to type 'number'.
apps/web/src/server/matches-optimized.ts(285,9): error TS2561: Object literal may only specify known properties, but 'teamA' does not exist in type '{ id: number; name: string | null; label: string | null; status: "scheduled" | "live" | "finished" | null; tournamentId: number | null; matchDayId: number | null; teamAId: number | null; ... 8 more ...; isBettingEnabled: boolean; }'. Did you mean to write 'teamAId'?
apps/web/src/server/matches-optimized.ts(288,24): error TS2345: Argument of type 'number | null' is not assignable to parameter of type 'number'.
  Type 'null' is not assignable to type 'number'.
apps/web/src/server/matches.ts(1,30): error TS6133: 'tournamentTeams' is declared but its value is never read.
apps/web/vite.config.ts(18,7): error TS2353: Object literal may only specify known properties, and 'nitro' does not exist in type '{ srcDirectory?: string | undefined; start?: { entry?: string | undefined; } | undefined; router?: ({ entry?: string | undefined; basepath?: string | undefined; } & { virtualRouteConfig?: string | ... 1 more ... | undefined; ... 23 more ...; plugin?: { ...; } | undefined; }) | undefined; ... 7 more ...; vite?: { ......'.
